../Core/Src/main.c:132:5:main	16	static
../Core/Src/main.c:232:6:SystemClock_Config	88	static
../Core/Src/main.c:278:13:MX_NVIC_Init	8	static
../Core/Src/main.c:308:13:MX_ADC1_Init	32	static
../Core/Src/main.c:365:13:MX_TIM9_Init	24	static
../Core/Src/main.c:403:13:MX_USART1_UART_Init	8	static
../Core/Src/main.c:436:13:MX_USART2_UART_Init	8	static
../Core/Src/main.c:469:13:MX_USART6_UART_Init	8	static
../Core/Src/main.c:500:13:MX_DMA_Init	16	static
../Core/Src/main.c:528:13:MX_GPIO_Init	16	static
../Core/Src/main.c:542:6:Read_Pressure_Data	32	static
../Core/Src/main.c:574:6:get_IMU1	24	static
../Core/Src/main.c:605:6:get_IMU2	24	static
../Core/Src/main.c:635:8:ApplyLowPassFilter	24	static
../Core/Src/main.c:647:6:Error_Handler	4	static,ignoring_inline_asm
